// Vitest Snapshot v1, https://vitest.dev/guide/snapshot.html

exports[`WeekCompactCard > renders the week overview without NaN values 1`] = `
<div>
  <div
    class="rounded-2xl bg-white/5 dark:bg-white/5 backdrop-blur-md border border-white/10 shadow-[0_6px_24px_rgba(0,0,0,0.25)] p-4 lg:p-5 transition-all duration-200"
  >
    <div
      class="flex items-start justify-between gap-4"
    >
      <div
        class="flex-1 min-w-0"
      >
        <h2
          class="text-lg lg:text-xl font-semibold text-white mb-0.5"
        >
          This Week
        </h2>
        <p
          class="text-xs text-white/70"
        >
          Tap a day to edit or update
        </p>
        <p
          class="text-xs text-white/50 mt-1"
        >
          Jan 8 â€“ Jan 14
        </p>
      </div>
      <div
        class="flex items-center gap-2 pt-1"
      >
        <button
          aria-label="Previous week"
          class="p-2 rounded-full border border-white/10 text-white/70 hover:text-white hover:border-white/30 transition-colors"
          type="button"
        >
          <span
            aria-hidden="true"
          >
            â€¹
          </span>
        </button>
        <button
          aria-label="Next week"
          class="p-2 rounded-full border border-white/10 text-white/70 hover:text-white hover:border-white/30 transition-colors disabled:opacity-40 disabled:cursor-not-allowed"
          disabled=""
          type="button"
        >
          <span
            aria-hidden="true"
          >
            â€º
          </span>
        </button>
      </div>
    </div>
    <div
      class="mt-4 flex flex-nowrap items-center justify-center gap-3 overflow-x-auto scroll-smooth no-scrollbar sm:grid sm:grid-cols-7 sm:items-stretch sm:justify-start sm:overflow-visible"
    >
      <button
        aria-label="Monday Â· 80%
ðŸ’§ 2.6/2.5L Â· ðŸ¥© 150/150g Â· ðŸ’¤"
        aria-pressed="false"
        class="group relative flex flex-shrink-0 flex-col items-center gap-2 text-white focus:outline-none focus-visible:ring-2 focus-visible:ring-sky-400/70 focus-visible:ring-offset-2 focus-visible:ring-offset-transparent transition-transform duration-200 scale-100"
        title="Monday Â· 80%
ðŸ’§ 2.6/2.5L Â· ðŸ¥© 150/150g Â· ðŸ’¤"
        type="button"
      >
        <span
          class="text-[10px] uppercase tracking-wide text-white/60 group-hover:text-white/80 transition-colors"
        >
          Mon
        </span>
        <div
          class="relative flex h-16 w-16 items-center justify-center rounded-full border border-white/10 bg-white/5 transition-shadow duration-200  "
        >
          <svg
            class="absolute inset-0 h-full w-full -rotate-90"
            role="presentation"
            viewBox="0 0 48 48"
          >
            <circle
              class="stroke-white/10"
              cx="24"
              cy="24"
              fill="none"
              r="22"
              stroke-width="4"
            />
            <circle
              class="stroke-amber-400 transition-all duration-300 ease-out"
              cx="24"
              cy="24"
              fill="none"
              r="22"
              stroke-dasharray="138.23007675795088"
              stroke-dashoffset="27.64601535159018"
              stroke-linecap="round"
              stroke-width="4"
            />
          </svg>
          <span
            class="relative text-sm font-semibold text-white"
          >
            80
            %
          </span>
          <span
            class="absolute bottom-1 text-[10px] font-medium text-white/50"
          >
            8
          </span>
          <span
            class="absolute -bottom-1 -right-1 flex h-5 w-5 items-center justify-center rounded-full bg-emerald-500 text-xs shadow-lg"
          >
            ðŸ”¥
          </span>
        </div>
      </button>
      <button
        aria-label="Tuesday Â· 61%
ðŸ’§ 1.8/2.5L Â· ðŸ¥© 120/150g Â· ðŸ’¤"
        aria-pressed="false"
        class="group relative flex flex-shrink-0 flex-col items-center gap-2 text-white focus:outline-none focus-visible:ring-2 focus-visible:ring-sky-400/70 focus-visible:ring-offset-2 focus-visible:ring-offset-transparent transition-transform duration-200 scale-100"
        title="Tuesday Â· 61%
ðŸ’§ 1.8/2.5L Â· ðŸ¥© 120/150g Â· ðŸ’¤"
        type="button"
      >
        <span
          class="text-[10px] uppercase tracking-wide text-white/60 group-hover:text-white/80 transition-colors"
        >
          Tue
        </span>
        <div
          class="relative flex h-16 w-16 items-center justify-center rounded-full border border-white/10 bg-white/5 transition-shadow duration-200  "
        >
          <svg
            class="absolute inset-0 h-full w-full -rotate-90"
            role="presentation"
            viewBox="0 0 48 48"
          >
            <circle
              class="stroke-white/10"
              cx="24"
              cy="24"
              fill="none"
              r="22"
              stroke-width="4"
            />
            <circle
              class="stroke-amber-400 transition-all duration-300 ease-out"
              cx="24"
              cy="24"
              fill="none"
              r="22"
              stroke-dasharray="138.23007675795088"
              stroke-dashoffset="53.90972993560085"
              stroke-linecap="round"
              stroke-width="4"
            />
          </svg>
          <span
            class="relative text-sm font-semibold text-white"
          >
            61
            %
          </span>
          <span
            class="absolute bottom-1 text-[10px] font-medium text-white/50"
          >
            9
          </span>
          <span
            class="absolute -bottom-1 -right-1 flex h-5 w-5 items-center justify-center rounded-full bg-emerald-500 text-xs shadow-lg"
          >
            ðŸ”¥
          </span>
        </div>
      </button>
      <button
        aria-label="Wednesday Â· 97%
ðŸ’§ 2.5/2.5L Â· ðŸ¥© 140/150g Â· ðŸ’ª"
        aria-pressed="true"
        class="group relative flex flex-shrink-0 flex-col items-center gap-2 text-white focus:outline-none focus-visible:ring-2 focus-visible:ring-sky-400/70 focus-visible:ring-offset-2 focus-visible:ring-offset-transparent transition-transform duration-200 scale-[1.04]"
        title="Wednesday Â· 97%
ðŸ’§ 2.5/2.5L Â· ðŸ¥© 140/150g Â· ðŸ’ª"
        type="button"
      >
        <span
          class="text-[10px] uppercase tracking-wide text-white/60 group-hover:text-white/80 transition-colors"
        >
          Wed
        </span>
        <div
          class="relative flex h-16 w-16 items-center justify-center rounded-full border border-white/10 bg-white/5 transition-shadow duration-200 ring-2 ring-sky-400/70 ring-offset-2 ring-offset-transparent shadow-[0_8px_18px_rgba(56,189,248,0.35)]"
        >
          <svg
            class="absolute inset-0 h-full w-full -rotate-90"
            role="presentation"
            viewBox="0 0 48 48"
          >
            <circle
              class="stroke-white/10"
              cx="24"
              cy="24"
              fill="none"
              r="22"
              stroke-width="4"
            />
            <circle
              class="stroke-amber-400 transition-all duration-300 ease-out"
              cx="24"
              cy="24"
              fill="none"
              r="22"
              stroke-dasharray="138.23007675795088"
              stroke-dashoffset="4.146902302738539"
              stroke-linecap="round"
              stroke-width="4"
            />
          </svg>
          <span
            class="relative text-sm font-semibold text-white"
          >
            97
            %
          </span>
          <span
            class="absolute bottom-1 text-[10px] font-medium text-white/50"
          >
            10
          </span>
          <span
            class="absolute -bottom-1 -right-1 flex h-5 w-5 items-center justify-center rounded-full bg-emerald-500 text-xs shadow-lg"
          >
            ðŸ”¥
          </span>
        </div>
      </button>
      <button
        aria-label="Thursday Â· 0%
ðŸ’§ 0/2.5L Â· ðŸ¥© 0/150g Â· ðŸ’¤"
        aria-pressed="false"
        class="group relative flex flex-shrink-0 flex-col items-center gap-2 text-white focus:outline-none focus-visible:ring-2 focus-visible:ring-sky-400/70 focus-visible:ring-offset-2 focus-visible:ring-offset-transparent transition-transform duration-200 scale-100"
        title="Thursday Â· 0%
ðŸ’§ 0/2.5L Â· ðŸ¥© 0/150g Â· ðŸ’¤"
        type="button"
      >
        <span
          class="text-[10px] uppercase tracking-wide text-white/60 group-hover:text-white/80 transition-colors"
        >
          Thu
        </span>
        <div
          class="relative flex h-16 w-16 items-center justify-center rounded-full border border-white/10 bg-white/5 transition-shadow duration-200  "
        >
          <svg
            class="absolute inset-0 h-full w-full -rotate-90"
            role="presentation"
            viewBox="0 0 48 48"
          >
            <circle
              class="stroke-white/10"
              cx="24"
              cy="24"
              fill="none"
              r="22"
              stroke-width="4"
            />
            <circle
              class="stroke-white/25 transition-all duration-300 ease-out"
              cx="24"
              cy="24"
              fill="none"
              r="22"
              stroke-dasharray="138.23007675795088"
              stroke-dashoffset="138.23007675795088"
              stroke-linecap="round"
              stroke-width="4"
            />
          </svg>
          <span
            class="relative text-sm font-semibold text-white"
          >
            0
            %
          </span>
          <span
            class="absolute bottom-1 text-[10px] font-medium text-white/50"
          >
            11
          </span>
        </div>
      </button>
      <button
        aria-label="Friday Â· 0%
ðŸ’§ 0/2.5L Â· ðŸ¥© 0/150g Â· ðŸ’¤"
        aria-pressed="false"
        class="group relative flex flex-shrink-0 flex-col items-center gap-2 text-white focus:outline-none focus-visible:ring-2 focus-visible:ring-sky-400/70 focus-visible:ring-offset-2 focus-visible:ring-offset-transparent transition-transform duration-200 scale-100"
        title="Friday Â· 0%
ðŸ’§ 0/2.5L Â· ðŸ¥© 0/150g Â· ðŸ’¤"
        type="button"
      >
        <span
          class="text-[10px] uppercase tracking-wide text-white/60 group-hover:text-white/80 transition-colors"
        >
          Fri
        </span>
        <div
          class="relative flex h-16 w-16 items-center justify-center rounded-full border border-white/10 bg-white/5 transition-shadow duration-200  "
        >
          <svg
            class="absolute inset-0 h-full w-full -rotate-90"
            role="presentation"
            viewBox="0 0 48 48"
          >
            <circle
              class="stroke-white/10"
              cx="24"
              cy="24"
              fill="none"
              r="22"
              stroke-width="4"
            />
            <circle
              class="stroke-white/25 transition-all duration-300 ease-out"
              cx="24"
              cy="24"
              fill="none"
              r="22"
              stroke-dasharray="138.23007675795088"
              stroke-dashoffset="138.23007675795088"
              stroke-linecap="round"
              stroke-width="4"
            />
          </svg>
          <span
            class="relative text-sm font-semibold text-white"
          >
            0
            %
          </span>
          <span
            class="absolute bottom-1 text-[10px] font-medium text-white/50"
          >
            12
          </span>
        </div>
      </button>
      <button
        aria-label="Saturday Â· 0%
ðŸ’§ 0/2.5L Â· ðŸ¥© 0/150g Â· ðŸ’¤"
        aria-pressed="false"
        class="group relative flex flex-shrink-0 flex-col items-center gap-2 text-white focus:outline-none focus-visible:ring-2 focus-visible:ring-sky-400/70 focus-visible:ring-offset-2 focus-visible:ring-offset-transparent transition-transform duration-200 scale-100"
        title="Saturday Â· 0%
ðŸ’§ 0/2.5L Â· ðŸ¥© 0/150g Â· ðŸ’¤"
        type="button"
      >
        <span
          class="text-[10px] uppercase tracking-wide text-white/60 group-hover:text-white/80 transition-colors"
        >
          Sat
        </span>
        <div
          class="relative flex h-16 w-16 items-center justify-center rounded-full border border-white/10 bg-white/5 transition-shadow duration-200  "
        >
          <svg
            class="absolute inset-0 h-full w-full -rotate-90"
            role="presentation"
            viewBox="0 0 48 48"
          >
            <circle
              class="stroke-white/10"
              cx="24"
              cy="24"
              fill="none"
              r="22"
              stroke-width="4"
            />
            <circle
              class="stroke-white/25 transition-all duration-300 ease-out"
              cx="24"
              cy="24"
              fill="none"
              r="22"
              stroke-dasharray="138.23007675795088"
              stroke-dashoffset="138.23007675795088"
              stroke-linecap="round"
              stroke-width="4"
            />
          </svg>
          <span
            class="relative text-sm font-semibold text-white"
          >
            0
            %
          </span>
          <span
            class="absolute bottom-1 text-[10px] font-medium text-white/50"
          >
            13
          </span>
        </div>
      </button>
      <button
        aria-label="Sunday Â· 0%
ðŸ’§ 0/2.5L Â· ðŸ¥© 0/150g Â· ðŸ’¤"
        aria-pressed="false"
        class="group relative flex flex-shrink-0 flex-col items-center gap-2 text-white focus:outline-none focus-visible:ring-2 focus-visible:ring-sky-400/70 focus-visible:ring-offset-2 focus-visible:ring-offset-transparent transition-transform duration-200 scale-100"
        title="Sunday Â· 0%
ðŸ’§ 0/2.5L Â· ðŸ¥© 0/150g Â· ðŸ’¤"
        type="button"
      >
        <span
          class="text-[10px] uppercase tracking-wide text-white/60 group-hover:text-white/80 transition-colors"
        >
          Sun
        </span>
        <div
          class="relative flex h-16 w-16 items-center justify-center rounded-full border border-white/10 bg-white/5 transition-shadow duration-200  "
        >
          <svg
            class="absolute inset-0 h-full w-full -rotate-90"
            role="presentation"
            viewBox="0 0 48 48"
          >
            <circle
              class="stroke-white/10"
              cx="24"
              cy="24"
              fill="none"
              r="22"
              stroke-width="4"
            />
            <circle
              class="stroke-white/25 transition-all duration-300 ease-out"
              cx="24"
              cy="24"
              fill="none"
              r="22"
              stroke-dasharray="138.23007675795088"
              stroke-dashoffset="138.23007675795088"
              stroke-linecap="round"
              stroke-width="4"
            />
          </svg>
          <span
            class="relative text-sm font-semibold text-white"
          >
            0
            %
          </span>
          <span
            class="absolute bottom-1 text-[10px] font-medium text-white/50"
          >
            14
          </span>
        </div>
      </button>
    </div>
    <div
      class="mt-4 flex items-center justify-between text-[11px] text-white/60"
    >
      <span
        class="flex items-center gap-1"
      >
        <span
          aria-hidden="true"
        >
          ðŸ”¥
        </span>
        <span>
          3
           
          Day Streak
        </span>
      </span>
      <span>
        Streak counts once the day hits 50%
      </span>
    </div>
  </div>
</div>
`;
